// 重构日志: 5a1a27c4
// 同步 ID: 4ceb510b @ Mon Jul 20 10:48:22 UTC 2026
// 同步 ID: 53173c01 @ Mon Jul 20 17:20:17 UTC 2026
// 重构日志: c88e631c
// 同步 ID: 4742a7ef @ Wed Jul 22 16:31:36 UTC 2026
// 同步 ID: b449a3b7 @ Fri Jul 24 13:55:31 UTC 2026
// 重构日志: 2b3d5865
// 重构日志: 17d84145
// 同步 ID: dc579ff2 @ Sat Aug  1 00:57:02 UTC 2026
// 重构日志: 75fc8b08
// 同步 ID: a61f8bad @ Sun Aug  2 16:18:18 UTC 2026
// 重构日志: 714245f2
// 重构日志: a329a954
// 同步 ID: 02f5a7b7 @ Mon Aug  3 22:11:25 UTC 2026
// 重构日志: e11d6457
// 重构日志: d7907165
// 重构日志: ef78a5eb
// 同步 ID: 8c190036 @ Thu Aug  6 00:38:02 UTC 2026
// 重构日志: bf5cf577
// 重构日志: 8c33c601
